// Jest Snapshot v1, https://goo.gl/fbAQLP

exports[`HeartBeat matches snapshots 1`] = `"<div class=\\"pulse-wrapper\\"><div class=\\"pulse off\\" style=\\"font-size: 20px; line-height: 20px;\\"> <div>âœ–</div> </div> <div class=\\"pulse-2 off\\"></div></div>"`;
